
> lolaengland@1.0.0 build
> next build

▲ Next.js 16.3.3 (Turbopack)
✓ Running next.config took 9ms
⚠ No build cache found. Please configure build caching for faster rebuilds. Read more: https://nextjs.org/docs/messages/no-cache
Attention: Next.js now collects completely anonymous telemetry regarding usage.
This information is used to shape Next.js' roadmap and prioritize features.
You can learn more, including how to opt-out if you'd not like to participate in this anonymous program, by visiting the following URL:
https://nextjs.org/telemetry


  Creating an optimized production build ...

> Build error occurred
Error: Turbopack build failed with 1 error:
./app/privacy/page.tsx:3:546
Error: Expected '}', got '<eof>'
  [90m1 |[0m ...
  [90m2 |[0m ...
[31m[1m>[0m [90m3 |[0m ...[35mribe from marketing emails.</p[0m></[33mPolicyPage[0m>
  [90m  |[0m                                                [31m[1m^[0m

Parsing ecmascript source code failed


    at <unknown> (./app/privacy/page.tsx:3:546)
BUILD_EXIT_CODE=1
